cargo :    Compiling codecrafters-git v0.1.0 (C:\Users\aditi\OneDrive\Desktop\RvCs)
At line:1 char:1
+ cargo build 2> errors.txt; type errors.txt
+ ~~~~~~~~~~~~~~~~~~~~~~~~~
    + CategoryInfo          : NotSpecified: (   Compiling co...e\Desktop\RvCs):String) [], RemoteException
    + FullyQualifiedErrorId : NativeCommandError
 
error[E0425]: cannot find function `run_event_loop` in module `crate::node::event_loop`
  --> src\node\mod.rs:71:34
   |
71 |         crate::node::event_loop::run_event_loop(swarm, state_clone, rx).await;
   |                                  ^^^^^^^^^^^^^^ not found in `crate::node::event_loop`

For more information about this error, try `rustc --explain E0425`.
error: could not compile `codecrafters-git` (bin "codecrafters-git") due to 1 previous error
